[01:48:02] [main/INFO]: Loading Minecraft 1.21 with Fabric Loader 0.16.3
[01:48:02] [main/INFO]: Loading 10 mods:
	- fabricloader 0.16.3
	   \-- mixinextras 0.4.1
	- java 21
	- minecraft 1.21
	- voicechat 1.21.1-2.5.30
	   |-- fabric-api-base 0.4.42+6573ed8c6a
	   |-- fabric-command-api-v2 2.2.28+6ced4dd96a
	   |-- fabric-key-binding-api-v1 1.0.47+0af3f5a76a
	   |-- fabric-lifecycle-events-v1 2.3.12+6c1df3606a
	   |-- fabric-networking-api-v1 4.2.2+60c3209b6a
	   \-- fabric-resource-loader-v0 1.3.0+565991296a
[01:48:02] [main/INFO]: SpongePowered MIXIN Subsystem Version=0.8.7 Source=file:/workspaces/mineserver2/servidor_minecraft/libraries/net/fabricmc/sponge-mixin/0.15.2+mixin.0.8.7/sponge-mixin-0.15.2+mixin.0.8.7.jar Service=Knot/Fabric Env=SERVER
[01:48:02] [main/INFO]: Compatibility level set to JAVA_17
[01:48:03] [main/INFO]: Initializing MixinExtras via com.llamalad7.mixinextras.service.MixinExtrasServiceImpl(version=0.4.1).
[01:48:08] [main/INFO]: [voicechat] Compatibility version 18
[01:48:08] [main/INFO]: [voicechat] Loading plugins
[01:48:08] [main/INFO]: [voicechat] Loaded 0 plugin(s)
[01:48:08] [main/INFO]: [voicechat] Initializing plugins
[01:48:08] [main/INFO]: [voicechat] Initialized 0 plugin(s)
[01:48:08] [main/INFO]: Environment: Environment[sessionHost=https://sessionserver.mojang.com, servicesHost=https://api.minecraftservices.com, name=PROD]
[01:48:09] [main/INFO]: No existing world data, creating new world
[01:48:10] [main/INFO]: Loaded 1290 recipes
[01:48:10] [main/INFO]: Loaded 1399 advancements
[01:48:10] [Server thread/INFO]: Starting minecraft server version 1.21
[01:48:10] [Server thread/INFO]: Loading properties
[01:48:10] [Server thread/INFO]: Default game type: SURVIVAL
[01:48:10] [Server thread/INFO]: Generating keypair
[01:48:10] [Server thread/INFO]: Starting Minecraft server on *:25565
[01:48:10] [Server thread/INFO]: Using epoll channel type
[01:48:11] [Server thread/WARN]: **** SERVER IS RUNNING IN OFFLINE/INSECURE MODE!
[01:48:11] [Server thread/WARN]: The server will make no attempt to authenticate usernames. Beware.
[01:48:11] [Server thread/WARN]: While this makes the game possible to play without internet access, it also opens up the ability for hackers to connect with any username they choose.
[01:48:11] [Server thread/WARN]: To change this, set "online-mode" to "true" in the server.properties file.
[01:48:11] [Server thread/INFO]: Preparing level "world"
[01:48:18] [Server thread/INFO]: Preparing start region for dimension minecraft:overworld
[01:48:18] [Worker-Main-2/INFO]: Preparing spawn area: 2%
[01:48:18] [Worker-Main-1/INFO]: Preparing spawn area: 2%
[01:48:19] [Worker-Main-3/INFO]: Preparing spawn area: 2%
[01:48:19] [Worker-Main-3/INFO]: Preparing spawn area: 2%
[01:48:20] [Worker-Main-1/INFO]: Preparing spawn area: 8%
[01:48:20] [Worker-Main-1/INFO]: Preparing spawn area: 18%
[01:48:21] [Worker-Main-3/INFO]: Preparing spawn area: 18%
[01:48:21] [Worker-Main-1/INFO]: Preparing spawn area: 18%
[01:48:22] [Worker-Main-1/INFO]: Preparing spawn area: 18%
[01:48:22] [Worker-Main-3/INFO]: Preparing spawn area: 51%
[01:48:23] [Worker-Main-2/INFO]: Preparing spawn area: 51%
[01:48:23] [Worker-Main-1/INFO]: Preparing spawn area: 51%
[01:48:24] [Worker-Main-3/INFO]: Preparing spawn area: 51%
[01:48:24] [Worker-Main-1/INFO]: Preparing spawn area: 59%
[01:48:24] [Server thread/INFO]: Time elapsed: 6568 ms
[01:48:24] [Server thread/INFO]: Done (13.622s)! For help, type "help"
[01:48:24] [Server thread/WARN]: [voicechat] Running in offline mode - Voice chat encryption is not secure!
[01:48:24] [VoiceChatServerThread/INFO]: [voicechat] Voice chat server started at port 24454
[01:51:12] [Server thread/INFO]: Ulizard[/127.229.195.19:34987] logged in with entity id 54 at (3.5, 65.0, -8.5)
[01:51:12] [Server thread/INFO]: Ulizard joined the game
[01:51:13] [Server thread/INFO]: [voicechat] Received secret request of Ulizard (18)
[01:51:13] [Server thread/INFO]: [voicechat] Sent secret to Ulizard
[01:53:45] [Server thread/INFO]: Made Ulizard a server operator
[01:54:00] [Server thread/INFO]: [Ulizard: Set own game mode to Creative Mode]
[01:54:12] [Server thread/INFO]: Ulizard has reached the goal [Sky's the Limit]
[01:54:23] [Server thread/INFO]: [Ulizard: Set own game mode to Survival Mode]
[01:55:42] [Server thread/INFO]: [Ulizard: Gave 99 [Firework Rocket] to Ulizard]
[02:02:50] [Server thread/INFO]: Ulizard was slain by Zombie
[02:05:01] [Server thread/INFO]: Ulizard was slain by Zombie
[02:05:11] [Server thread/INFO]: Ulizard was slain by Zombie
[02:05:20] [Server thread/INFO]: Stopping the server
[02:05:20] [Server thread/INFO]: Stopping server
[02:05:20] [Server thread/INFO]: Saving players
[02:05:20] [Server thread/INFO]: Saving worlds
[02:05:20] [Server thread/INFO]: Saving chunks for level 'ServerLevel[world]'/minecraft:overworld
[02:05:21] [Server thread/INFO]: Saving chunks for level 'ServerLevel[world]'/minecraft:the_end
[02:05:21] [Server thread/INFO]: Saving chunks for level 'ServerLevel[world]'/minecraft:the_nether
[02:05:21] [Server thread/INFO]: ThreadedAnvilChunkStorage (world): All chunks are saved
[02:05:21] [Server thread/INFO]: ThreadedAnvilChunkStorage (DIM1): All chunks are saved
[02:05:21] [Server thread/INFO]: ThreadedAnvilChunkStorage (DIM-1): All chunks are saved
[02:05:21] [Server thread/INFO]: ThreadedAnvilChunkStorage: All dimensions are saved
